// Jest Snapshot v1, https://goo.gl/fbAQLP

exports[`Footer renders correctly 1`] = `
<h6
  className="MuiTypography-root makeStyles-footer-1 MuiTypography-subtitle2"
>
  All usage information is in gigabytes
</h6>
`;
