// Jest Snapshot v1, https://goo.gl/fbAQLP

exports[`Header renders correctly 1`] = `
<header
  className="MuiPaper-root MuiAppBar-root MuiAppBar-positionStatic MuiAppBar-colorPrimary MuiPaper-elevation4"
>
  <div
    className="MuiToolbar-root MuiToolbar-dense MuiToolbar-gutters"
  >
    <h6
      className="MuiTypography-root makeStyles-title-1 MuiTypography-h6"
      id="app-title"
    >
      Bandwidth Monitor Usage
    </h6>
    <p
      className="MuiTypography-root MuiTypography-body1"
      id="app-version"
    >
      3.0.0
    </p>
  </div>
</header>
`;
