// Jest Snapshot v1, https://goo.gl/fbAQLP

exports[`UsageByMonth renders correctly 1`] = `
<div
  className="MuiPaper-root MuiPaper-elevation1 MuiPaper-rounded"
>
  <div
    className="makeStyles-root-1"
  >
    <div
      className="MuiLinearProgress-root MuiLinearProgress-colorPrimary MuiLinearProgress-indeterminate"
      role="progressbar"
    >
      <div
        className="MuiLinearProgress-bar MuiLinearProgress-barColorPrimary MuiLinearProgress-bar1Indeterminate"
        style={Object {}}
      />
      <div
        className="MuiLinearProgress-bar MuiLinearProgress-bar2Indeterminate MuiLinearProgress-barColorPrimary"
        style={Object {}}
      />
    </div>
    <div
      className="makeStyles-root-2"
    >
      <div
        className="MuiPaper-root MuiAlert-root MuiAlert-standardInfo MuiPaper-elevation0"
        role="alert"
      >
        <div
          className="MuiAlert-icon"
        >
          <svg
            aria-hidden={true}
            className="MuiSvgIcon-root MuiSvgIcon-fontSizeInherit"
            focusable="false"
            viewBox="0 0 24 24"
          >
            <path
              d="M11,9H13V7H11M12,20C7.59,20 4,16.41 4,12C4,7.59 7.59,4 12,4C16.41,4 20,7.59 20, 12C20,16.41 16.41,20 12,20M12,2A10,10 0 0,0 2,12A10,10 0 0,0 12,22A10,10 0 0,0 22,12A10, 10 0 0,0 12,2M11,17H13V11H11V17Z"
            />
          </svg>
        </div>
        <div
          className="MuiAlert-message"
        >
          <div
            className="MuiTypography-root MuiAlertTitle-root MuiTypography-body1 MuiTypography-gutterBottom"
          >
            Loading...
          </div>
        </div>
      </div>
    </div>
  </div>
  <div
    className="MuiTableContainer-root"
  />
</div>
`;

exports[`UsageByMonth renders correctly after data load 1`] = `
<div
  className="MuiPaper-root MuiPaper-elevation1 MuiPaper-rounded"
>
  <div
    className="MuiTableContainer-root"
  >
    <table
      className="MuiTable-root MuiTable-stickyHeader"
      role={null}
    >
      <thead
        className="MuiTableHead-root"
        role={null}
      >
        <tr
          className="MuiTableRow-root MuiTableRow-head"
          role={null}
        >
          <th
            aria-sort={null}
            className="MuiTableCell-root MuiTableCell-head MuiTableCell-sizeSmall MuiTableCell-stickyHeader"
            colSpan={7}
            scope="col"
          >
            <div
              className="MuiInputBase-root MuiInput-root MuiInput-underline"
              onClick={[Function]}
            >
              <div
                aria-haspopup="listbox"
                aria-labelledby="month-year"
                className="MuiSelect-root MuiSelect-select MuiSelect-selectMenu MuiInputBase-input MuiInput-input"
                id="month-year"
                onBlur={[Function]}
                onFocus={[Function]}
                onKeyDown={[Function]}
                onMouseDown={[Function]}
                role="button"
                tabIndex={0}
              >
                2013
              </div>
              <input
                aria-hidden={true}
                className="MuiSelect-nativeInput"
                onAnimationStart={[Function]}
                onChange={[Function]}
                tabIndex={-1}
                value={2013}
              />
              <svg
                aria-hidden={true}
                className="MuiSvgIcon-root MuiSelect-icon"
                focusable="false"
                viewBox="0 0 24 24"
              >
                <path
                  d="M7 10l5 5 5-5z"
                />
              </svg>
            </div>
          </th>
        </tr>
      </thead>
      <thead
        className="MuiTableHead-root"
        role={null}
      >
        <tr
          className="MuiTableRow-root MuiTableRow-head"
          role={null}
        >
          <th
            aria-sort="descending"
            className="MuiTableCell-root MuiTableCell-head MuiTableCell-alignLeft MuiTableCell-sizeSmall MuiTableCell-stickyHeader"
            id="month-id"
            scope="col"
          >
            <span
              aria-disabled={false}
              className="MuiButtonBase-root MuiTableSortLabel-root MuiTableSortLabel-active"
              onBlur={[Function]}
              onClick={[Function]}
              onDragLeave={[Function]}
              onFocus={[Function]}
              onKeyDown={[Function]}
              onKeyUp={[Function]}
              onMouseDown={[Function]}
              onMouseLeave={[Function]}
              onMouseUp={[Function]}
              onTouchEnd={[Function]}
              onTouchMove={[Function]}
              onTouchStart={[Function]}
              role="button"
              tabIndex={0}
            >
              Month
              <svg
                aria-hidden={true}
                className="MuiSvgIcon-root MuiTableSortLabel-icon MuiTableSortLabel-iconDirectionDesc"
                focusable="false"
                viewBox="0 0 24 24"
              >
                <path
                  d="M20 12l-1.41-1.41L13 16.17V4h-2v12.17l-5.58-5.59L4 12l8 8 8-8z"
                />
              </svg>
            </span>
          </th>
          <th
            aria-sort={null}
            className="MuiTableCell-root MuiTableCell-head MuiTableCell-alignRight MuiTableCell-sizeSmall MuiTableCell-stickyHeader"
            scope="col"
          >
            Down
          </th>
          <th
            aria-sort={null}
            className="MuiTableCell-root MuiTableCell-head MuiTableCell-alignRight MuiTableCell-sizeSmall MuiTableCell-stickyHeader"
            scope="col"
          >
            Up
          </th>
          <th
            aria-sort={null}
            className="MuiTableCell-root MuiTableCell-head MuiTableCell-alignRight MuiTableCell-sizeSmall MuiTableCell-stickyHeader"
            id="month-total"
            scope="col"
          >
            <span
              aria-disabled={false}
              className="MuiButtonBase-root MuiTableSortLabel-root"
              onBlur={[Function]}
              onClick={[Function]}
              onDragLeave={[Function]}
              onFocus={[Function]}
              onKeyDown={[Function]}
              onKeyUp={[Function]}
              onMouseDown={[Function]}
              onMouseLeave={[Function]}
              onMouseUp={[Function]}
              onTouchEnd={[Function]}
              onTouchMove={[Function]}
              onTouchStart={[Function]}
              role="button"
              tabIndex={0}
            >
              Total
              <svg
                aria-hidden={true}
                className="MuiSvgIcon-root MuiTableSortLabel-icon MuiTableSortLabel-iconDirectionAsc"
                focusable="false"
                viewBox="0 0 24 24"
              >
                <path
                  d="M20 12l-1.41-1.41L13 16.17V4h-2v12.17l-5.58-5.59L4 12l8 8 8-8z"
                />
              </svg>
            </span>
          </th>
          <th
            aria-sort={null}
            className="MuiTableCell-root MuiTableCell-head MuiTableCell-alignRight MuiTableCell-sizeSmall MuiTableCell-stickyHeader"
            scope="col"
          >
            Percent
          </th>
          <th
            aria-sort={null}
            className="MuiTableCell-root MuiTableCell-head MuiTableCell-alignRight MuiTableCell-sizeSmall MuiTableCell-stickyHeader"
            scope="col"
          >
            Average
          </th>
          <th
            aria-sort={null}
            className="MuiTableCell-root MuiTableCell-head MuiTableCell-alignLeft MuiTableCell-sizeSmall MuiTableCell-stickyHeader"
            scope="col"
          >
            Days
          </th>
        </tr>
      </thead>
      <tbody
        className="MuiTableBody-root"
        role={null}
      >
        <tr
          className="MuiTableRow-root"
          id="month-data-0"
          role={null}
          style={
            Object {
              "background": "white",
            }
          }
        >
          <td
            aria-sort={null}
            className="MuiTableCell-root MuiTableCell-body MuiTableCell-alignLeft MuiTableCell-sizeSmall"
          >
            November
          </td>
          <td
            aria-sort={null}
            className="MuiTableCell-root MuiTableCell-body MuiTableCell-alignRight MuiTableCell-sizeSmall"
          >
            83.066
          </td>
          <td
            aria-sort={null}
            className="MuiTableCell-root MuiTableCell-body MuiTableCell-alignRight MuiTableCell-sizeSmall"
          >
            4.263
          </td>
          <td
            aria-sort={null}
            className="MuiTableCell-root MuiTableCell-body MuiTableCell-alignRight MuiTableCell-sizeSmall"
          >
            87.329
          </td>
          <td
            aria-sort={null}
            className="MuiTableCell-root MuiTableCell-body MuiTableCell-alignRight MuiTableCell-sizeSmall"
          >
            13.7%
          </td>
          <td
            aria-sort={null}
            className="MuiTableCell-root MuiTableCell-body MuiTableCell-alignRight MuiTableCell-sizeSmall"
          >
            2.911
          </td>
          <td
            aria-sort={null}
            className="MuiTableCell-root MuiTableCell-body MuiTableCell-alignLeft MuiTableCell-sizeSmall"
          >
            30
          </td>
        </tr>
        <tr
          className="MuiTableRow-root"
          id="month-data-1"
          role={null}
          style={
            Object {
              "background": "ghostwhite",
            }
          }
        >
          <td
            aria-sort={null}
            className="MuiTableCell-root MuiTableCell-body MuiTableCell-alignLeft MuiTableCell-sizeSmall"
          >
            October
          </td>
          <td
            aria-sort={null}
            className="MuiTableCell-root MuiTableCell-body MuiTableCell-alignRight MuiTableCell-sizeSmall"
          >
            47.904
          </td>
          <td
            aria-sort={null}
            className="MuiTableCell-root MuiTableCell-body MuiTableCell-alignRight MuiTableCell-sizeSmall"
          >
            1.442
          </td>
          <td
            aria-sort={null}
            className="MuiTableCell-root MuiTableCell-body MuiTableCell-alignRight MuiTableCell-sizeSmall"
          >
            49.346
          </td>
          <td
            aria-sort={null}
            className="MuiTableCell-root MuiTableCell-body MuiTableCell-alignRight MuiTableCell-sizeSmall"
          >
            7.7%
          </td>
          <td
            aria-sort={null}
            className="MuiTableCell-root MuiTableCell-body MuiTableCell-alignRight MuiTableCell-sizeSmall"
          >
            1.592
          </td>
          <td
            aria-sort={null}
            className="MuiTableCell-root MuiTableCell-body MuiTableCell-alignLeft MuiTableCell-sizeSmall"
          >
            31
          </td>
        </tr>
        <tr
          className="MuiTableRow-root"
          id="month-data-2"
          role={null}
          style={
            Object {
              "background": "white",
            }
          }
        >
          <td
            aria-sort={null}
            className="MuiTableCell-root MuiTableCell-body MuiTableCell-alignLeft MuiTableCell-sizeSmall"
          >
            September
          </td>
          <td
            aria-sort={null}
            className="MuiTableCell-root MuiTableCell-body MuiTableCell-alignRight MuiTableCell-sizeSmall"
          >
            46.353
          </td>
          <td
            aria-sort={null}
            className="MuiTableCell-root MuiTableCell-body MuiTableCell-alignRight MuiTableCell-sizeSmall"
          >
            3.240
          </td>
          <td
            aria-sort={null}
            className="MuiTableCell-root MuiTableCell-body MuiTableCell-alignRight MuiTableCell-sizeSmall"
          >
            49.593
          </td>
          <td
            aria-sort={null}
            className="MuiTableCell-root MuiTableCell-body MuiTableCell-alignRight MuiTableCell-sizeSmall"
          >
            7.8%
          </td>
          <td
            aria-sort={null}
            className="MuiTableCell-root MuiTableCell-body MuiTableCell-alignRight MuiTableCell-sizeSmall"
          >
            1.653
          </td>
          <td
            aria-sort={null}
            className="MuiTableCell-root MuiTableCell-body MuiTableCell-alignLeft MuiTableCell-sizeSmall"
          >
            30
          </td>
        </tr>
        <tr
          className="MuiTableRow-root"
          id="month-data-3"
          role={null}
          style={
            Object {
              "background": "ghostwhite",
            }
          }
        >
          <td
            aria-sort={null}
            className="MuiTableCell-root MuiTableCell-body MuiTableCell-alignLeft MuiTableCell-sizeSmall"
          >
            August
          </td>
          <td
            aria-sort={null}
            className="MuiTableCell-root MuiTableCell-body MuiTableCell-alignRight MuiTableCell-sizeSmall"
          >
            34.516
          </td>
          <td
            aria-sort={null}
            className="MuiTableCell-root MuiTableCell-body MuiTableCell-alignRight MuiTableCell-sizeSmall"
          >
            2.147
          </td>
          <td
            aria-sort={null}
            className="MuiTableCell-root MuiTableCell-body MuiTableCell-alignRight MuiTableCell-sizeSmall"
          >
            36.664
          </td>
          <td
            aria-sort={null}
            className="MuiTableCell-root MuiTableCell-body MuiTableCell-alignRight MuiTableCell-sizeSmall"
          >
            5.7%
          </td>
          <td
            aria-sort={null}
            className="MuiTableCell-root MuiTableCell-body MuiTableCell-alignRight MuiTableCell-sizeSmall"
          >
            1.183
          </td>
          <td
            aria-sort={null}
            className="MuiTableCell-root MuiTableCell-body MuiTableCell-alignLeft MuiTableCell-sizeSmall"
          >
            31
          </td>
        </tr>
        <tr
          className="MuiTableRow-root"
          id="month-data-4"
          role={null}
          style={
            Object {
              "background": "white",
            }
          }
        >
          <td
            aria-sort={null}
            className="MuiTableCell-root MuiTableCell-body MuiTableCell-alignLeft MuiTableCell-sizeSmall"
          >
            July
          </td>
          <td
            aria-sort={null}
            className="MuiTableCell-root MuiTableCell-body MuiTableCell-alignRight MuiTableCell-sizeSmall"
          >
            46.494
          </td>
          <td
            aria-sort={null}
            className="MuiTableCell-root MuiTableCell-body MuiTableCell-alignRight MuiTableCell-sizeSmall"
          >
            2.190
          </td>
          <td
            aria-sort={null}
            className="MuiTableCell-root MuiTableCell-body MuiTableCell-alignRight MuiTableCell-sizeSmall"
          >
            48.683
          </td>
          <td
            aria-sort={null}
            className="MuiTableCell-root MuiTableCell-body MuiTableCell-alignRight MuiTableCell-sizeSmall"
          >
            7.6%
          </td>
          <td
            aria-sort={null}
            className="MuiTableCell-root MuiTableCell-body MuiTableCell-alignRight MuiTableCell-sizeSmall"
          >
            1.570
          </td>
          <td
            aria-sort={null}
            className="MuiTableCell-root MuiTableCell-body MuiTableCell-alignLeft MuiTableCell-sizeSmall"
          >
            31
          </td>
        </tr>
        <tr
          className="MuiTableRow-root"
          id="month-data-5"
          role={null}
          style={
            Object {
              "background": "ghostwhite",
            }
          }
        >
          <td
            aria-sort={null}
            className="MuiTableCell-root MuiTableCell-body MuiTableCell-alignLeft MuiTableCell-sizeSmall"
          >
            June
          </td>
          <td
            aria-sort={null}
            className="MuiTableCell-root MuiTableCell-body MuiTableCell-alignRight MuiTableCell-sizeSmall"
          >
            78.344
          </td>
          <td
            aria-sort={null}
            className="MuiTableCell-root MuiTableCell-body MuiTableCell-alignRight MuiTableCell-sizeSmall"
          >
            5.696
          </td>
          <td
            aria-sort={null}
            className="MuiTableCell-root MuiTableCell-body MuiTableCell-alignRight MuiTableCell-sizeSmall"
          >
            84.040
          </td>
          <td
            aria-sort={null}
            className="MuiTableCell-root MuiTableCell-body MuiTableCell-alignRight MuiTableCell-sizeSmall"
          >
            13.1%
          </td>
          <td
            aria-sort={null}
            className="MuiTableCell-root MuiTableCell-body MuiTableCell-alignRight MuiTableCell-sizeSmall"
          >
            2.801
          </td>
          <td
            aria-sort={null}
            className="MuiTableCell-root MuiTableCell-body MuiTableCell-alignLeft MuiTableCell-sizeSmall"
          >
            30
          </td>
        </tr>
        <tr
          className="MuiTableRow-root"
          id="month-data-6"
          role={null}
          style={
            Object {
              "background": "white",
            }
          }
        >
          <td
            aria-sort={null}
            className="MuiTableCell-root MuiTableCell-body MuiTableCell-alignLeft MuiTableCell-sizeSmall"
          >
            May
          </td>
          <td
            aria-sort={null}
            className="MuiTableCell-root MuiTableCell-body MuiTableCell-alignRight MuiTableCell-sizeSmall"
          >
            36.123
          </td>
          <td
            aria-sort={null}
            className="MuiTableCell-root MuiTableCell-body MuiTableCell-alignRight MuiTableCell-sizeSmall"
          >
            2.185
          </td>
          <td
            aria-sort={null}
            className="MuiTableCell-root MuiTableCell-body MuiTableCell-alignRight MuiTableCell-sizeSmall"
          >
            38.308
          </td>
          <td
            aria-sort={null}
            className="MuiTableCell-root MuiTableCell-body MuiTableCell-alignRight MuiTableCell-sizeSmall"
          >
            6.0%
          </td>
          <td
            aria-sort={null}
            className="MuiTableCell-root MuiTableCell-body MuiTableCell-alignRight MuiTableCell-sizeSmall"
          >
            1.236
          </td>
          <td
            aria-sort={null}
            className="MuiTableCell-root MuiTableCell-body MuiTableCell-alignLeft MuiTableCell-sizeSmall"
          >
            31
          </td>
        </tr>
        <tr
          className="MuiTableRow-root"
          id="month-data-7"
          role={null}
          style={
            Object {
              "background": "ghostwhite",
            }
          }
        >
          <td
            aria-sort={null}
            className="MuiTableCell-root MuiTableCell-body MuiTableCell-alignLeft MuiTableCell-sizeSmall"
          >
            April
          </td>
          <td
            aria-sort={null}
            className="MuiTableCell-root MuiTableCell-body MuiTableCell-alignRight MuiTableCell-sizeSmall"
          >
            56.154
          </td>
          <td
            aria-sort={null}
            className="MuiTableCell-root MuiTableCell-body MuiTableCell-alignRight MuiTableCell-sizeSmall"
          >
            1.961
          </td>
          <td
            aria-sort={null}
            className="MuiTableCell-root MuiTableCell-body MuiTableCell-alignRight MuiTableCell-sizeSmall"
          >
            58.115
          </td>
          <td
            aria-sort={null}
            className="MuiTableCell-root MuiTableCell-body MuiTableCell-alignRight MuiTableCell-sizeSmall"
          >
            9.1%
          </td>
          <td
            aria-sort={null}
            className="MuiTableCell-root MuiTableCell-body MuiTableCell-alignRight MuiTableCell-sizeSmall"
          >
            1.937
          </td>
          <td
            aria-sort={null}
            className="MuiTableCell-root MuiTableCell-body MuiTableCell-alignLeft MuiTableCell-sizeSmall"
          >
            30
          </td>
        </tr>
        <tr
          className="MuiTableRow-root"
          id="month-data-8"
          role={null}
          style={
            Object {
              "background": "white",
            }
          }
        >
          <td
            aria-sort={null}
            className="MuiTableCell-root MuiTableCell-body MuiTableCell-alignLeft MuiTableCell-sizeSmall"
          >
            March
          </td>
          <td
            aria-sort={null}
            className="MuiTableCell-root MuiTableCell-body MuiTableCell-alignRight MuiTableCell-sizeSmall"
          >
            56.766
          </td>
          <td
            aria-sort={null}
            className="MuiTableCell-root MuiTableCell-body MuiTableCell-alignRight MuiTableCell-sizeSmall"
          >
            5.323
          </td>
          <td
            aria-sort={null}
            className="MuiTableCell-root MuiTableCell-body MuiTableCell-alignRight MuiTableCell-sizeSmall"
          >
            62.089
          </td>
          <td
            aria-sort={null}
            className="MuiTableCell-root MuiTableCell-body MuiTableCell-alignRight MuiTableCell-sizeSmall"
          >
            9.7%
          </td>
          <td
            aria-sort={null}
            className="MuiTableCell-root MuiTableCell-body MuiTableCell-alignRight MuiTableCell-sizeSmall"
          >
            2.003
          </td>
          <td
            aria-sort={null}
            className="MuiTableCell-root MuiTableCell-body MuiTableCell-alignLeft MuiTableCell-sizeSmall"
          >
            31
          </td>
        </tr>
        <tr
          className="MuiTableRow-root"
          id="month-data-9"
          role={null}
          style={
            Object {
              "background": "ghostwhite",
            }
          }
        >
          <td
            aria-sort={null}
            className="MuiTableCell-root MuiTableCell-body MuiTableCell-alignLeft MuiTableCell-sizeSmall"
          >
            February
          </td>
          <td
            aria-sort={null}
            className="MuiTableCell-root MuiTableCell-body MuiTableCell-alignRight MuiTableCell-sizeSmall"
          >
            54.165
          </td>
          <td
            aria-sort={null}
            className="MuiTableCell-root MuiTableCell-body MuiTableCell-alignRight MuiTableCell-sizeSmall"
          >
            3.220
          </td>
          <td
            aria-sort={null}
            className="MuiTableCell-root MuiTableCell-body MuiTableCell-alignRight MuiTableCell-sizeSmall"
          >
            57.385
          </td>
          <td
            aria-sort={null}
            className="MuiTableCell-root MuiTableCell-body MuiTableCell-alignRight MuiTableCell-sizeSmall"
          >
            9.0%
          </td>
          <td
            aria-sort={null}
            className="MuiTableCell-root MuiTableCell-body MuiTableCell-alignRight MuiTableCell-sizeSmall"
          >
            2.049
          </td>
          <td
            aria-sort={null}
            className="MuiTableCell-root MuiTableCell-body MuiTableCell-alignLeft MuiTableCell-sizeSmall"
          >
            28
          </td>
        </tr>
        <tr
          className="MuiTableRow-root"
          id="month-data-10"
          role={null}
          style={
            Object {
              "background": "white",
            }
          }
        >
          <td
            aria-sort={null}
            className="MuiTableCell-root MuiTableCell-body MuiTableCell-alignLeft MuiTableCell-sizeSmall"
          >
            January
          </td>
          <td
            aria-sort={null}
            className="MuiTableCell-root MuiTableCell-body MuiTableCell-alignRight MuiTableCell-sizeSmall"
          >
            64.043
          </td>
          <td
            aria-sort={null}
            className="MuiTableCell-root MuiTableCell-body MuiTableCell-alignRight MuiTableCell-sizeSmall"
          >
            4.105
          </td>
          <td
            aria-sort={null}
            className="MuiTableCell-root MuiTableCell-body MuiTableCell-alignRight MuiTableCell-sizeSmall"
          >
            68.149
          </td>
          <td
            aria-sort={null}
            className="MuiTableCell-root MuiTableCell-body MuiTableCell-alignRight MuiTableCell-sizeSmall"
          >
            10.7%
          </td>
          <td
            aria-sort={null}
            className="MuiTableCell-root MuiTableCell-body MuiTableCell-alignRight MuiTableCell-sizeSmall"
          >
            2.198
          </td>
          <td
            aria-sort={null}
            className="MuiTableCell-root MuiTableCell-body MuiTableCell-alignLeft MuiTableCell-sizeSmall"
          >
            31
          </td>
        </tr>
      </tbody>
      <thead
        className="MuiTableHead-root"
        role={null}
      >
        <tr
          className="MuiTableRow-root MuiTableRow-head"
          id="month-footer"
          role={null}
        >
          <th
            aria-sort={null}
            className="MuiTableCell-root MuiTableCell-head MuiTableCell-alignLeft MuiTableCell-sizeSmall MuiTableCell-stickyHeader"
            scope="col"
          >
            Totals
          </th>
          <th
            aria-sort={null}
            className="MuiTableCell-root MuiTableCell-head MuiTableCell-alignRight MuiTableCell-sizeSmall MuiTableCell-stickyHeader"
            scope="col"
          >
            603.928
          </th>
          <th
            aria-sort={null}
            className="MuiTableCell-root MuiTableCell-head MuiTableCell-alignRight MuiTableCell-sizeSmall MuiTableCell-stickyHeader"
            scope="col"
          >
            35.773
          </th>
          <th
            aria-sort={null}
            className="MuiTableCell-root MuiTableCell-head MuiTableCell-alignRight MuiTableCell-sizeSmall MuiTableCell-stickyHeader"
            scope="col"
          >
            639.701
          </th>
          <th
            aria-sort={null}
            className="MuiTableCell-root MuiTableCell-head MuiTableCell-alignRight MuiTableCell-sizeSmall MuiTableCell-stickyHeader"
            scope="col"
          >
            
          </th>
          <th
            aria-sort={null}
            className="MuiTableCell-root MuiTableCell-head MuiTableCell-alignRight MuiTableCell-sizeSmall MuiTableCell-stickyHeader"
            scope="col"
          >
            1.753
          </th>
          <th
            aria-sort={null}
            className="MuiTableCell-root MuiTableCell-head MuiTableCell-alignLeft MuiTableCell-sizeSmall MuiTableCell-stickyHeader"
            scope="col"
          >
            365
          </th>
        </tr>
      </thead>
    </table>
  </div>
</div>
`;
