// Jest Snapshot v1, https://goo.gl/fbAQLP

exports[`Body renders correctly 1`] = `
<tbody
  className="MuiTableBody-root"
  role={null}
>
  <tr
    className="MuiTableRow-root"
    id="test-data-0"
    role={null}
  >
    <td
      aria-sort={null}
      className="MuiTableCell-root MuiTableCell-body MuiTableCell-alignLeft"
    >
      192.168.1.14
    </td>
    <td
      aria-sort={null}
      className="MuiTableCell-root MuiTableCell-body MuiTableCell-alignRight"
    >
      12345202.809
    </td>
  </tr>
  <tr
    className="MuiTableRow-root"
    id="test-data-1"
    role={null}
  >
    <td
      aria-sort={null}
      className="MuiTableCell-root MuiTableCell-body MuiTableCell-alignLeft"
    >
      192.168.1.21
    </td>
    <td
      aria-sort={null}
      className="MuiTableCell-root MuiTableCell-body MuiTableCell-alignRight"
    >
      123453.907
    </td>
  </tr>
  <tr
    className="MuiTableRow-root"
    id="test-data-2"
    role={null}
  >
    <td
      aria-sort={null}
      className="MuiTableCell-root MuiTableCell-body MuiTableCell-alignLeft"
    >
      192.168.1.10
    </td>
    <td
      aria-sort={null}
      className="MuiTableCell-root MuiTableCell-body MuiTableCell-alignRight"
    >
      5370.488
    </td>
  </tr>
</tbody>
`;
