// Jest Snapshot v1, https://goo.gl/fbAQLP

exports[`Header renders correctly 1`] = `
<thead
  className="MuiTableHead-root"
  role={null}
>
  <tr
    className="MuiTableRow-root MuiTableRow-head"
    role={null}
  >
    <th
      aria-sort="ascending"
      className="MuiTableCell-root MuiTableCell-head MuiTableCell-alignLeft"
      id="test-IP"
      scope="col"
    >
      <span
        aria-disabled={false}
        className="MuiButtonBase-root MuiTableSortLabel-root MuiTableSortLabel-active"
        onBlur={[Function]}
        onClick={[Function]}
        onDragLeave={[Function]}
        onFocus={[Function]}
        onKeyDown={[Function]}
        onKeyUp={[Function]}
        onMouseDown={[Function]}
        onMouseLeave={[Function]}
        onMouseUp={[Function]}
        onTouchEnd={[Function]}
        onTouchMove={[Function]}
        onTouchStart={[Function]}
        role="button"
        tabIndex={0}
      >
        IP
        <span
          className="makeStyles-visuallyHidden-1"
        >
          sorted ascending
        </span>
        <svg
          aria-hidden={true}
          className="MuiSvgIcon-root MuiTableSortLabel-icon MuiTableSortLabel-iconDirectionAsc"
          focusable="false"
          viewBox="0 0 24 24"
        >
          <path
            d="M20 12l-1.41-1.41L13 16.17V4h-2v12.17l-5.58-5.59L4 12l8 8 8-8z"
          />
        </svg>
      </span>
    </th>
    <th
      aria-sort={null}
      className="MuiTableCell-root MuiTableCell-head MuiTableCell-alignLeft"
      scope="col"
    >
      MAC
    </th>
    <th
      aria-sort={null}
      className="MuiTableCell-root MuiTableCell-head MuiTableCell-alignRight"
      id="test-download"
      scope="col"
    >
      <span
        aria-disabled={false}
        className="MuiButtonBase-root MuiTableSortLabel-root"
        onBlur={[Function]}
        onClick={[Function]}
        onDragLeave={[Function]}
        onFocus={[Function]}
        onKeyDown={[Function]}
        onKeyUp={[Function]}
        onMouseDown={[Function]}
        onMouseLeave={[Function]}
        onMouseUp={[Function]}
        onTouchEnd={[Function]}
        onTouchMove={[Function]}
        onTouchStart={[Function]}
        role="button"
        tabIndex={0}
      >
        Down
        <svg
          aria-hidden={true}
          className="MuiSvgIcon-root MuiTableSortLabel-icon MuiTableSortLabel-iconDirectionAsc"
          focusable="false"
          viewBox="0 0 24 24"
        >
          <path
            d="M20 12l-1.41-1.41L13 16.17V4h-2v12.17l-5.58-5.59L4 12l8 8 8-8z"
          />
        </svg>
      </span>
    </th>
    <th
      aria-sort={null}
      className="MuiTableCell-root MuiTableCell-head MuiTableCell-alignRight"
      scope="col"
    >
      Up
    </th>
  </tr>
</thead>
`;
